[www.nft-magazine.com/index.html]
[backblue.gif]
[fade.gif]
[index.html]
[cdn.prod.website-files.com/643015b8b64d6cbc556617b5/css/nft-magazine.webflow.8b5c79792.css]
[ajax.googleapis.com/ajax/libs/webfont/1.6.26/webfont.js]
[cdn.prod.website-files.com/643015b8b64d6cbc556617b5/643f007240803f6dceec8a12_32.png]
[cdn.prod.website-files.com/643015b8b64d6cbc556617b5/643f00746e15071209a450de_256.png]
[analytics.ahrefs.com/analytics.js]
[cdn.prod.website-files.com/643015b8b64d6cbc556617b5/6430178b972169bdb9887321_wordmark landscape.png]
[www.nft-magazine.com/features.html]
[www.nft-magazine.com/content-categories/drops.html]
[www.nft-magazine.com/newsletter.html]
[www.nft-magazine.com/about.html]
[www.nft-magazine.com/irl.html]
[www.nft-magazine.com/work-with-us.html]
[www.nft-magazine.com/caf.html]
[www.nft-magazine.com/features/what-really-is-the-intersection-of-ai-and-generative-art.html]
[cdn.prod.website-files.com/643015b8b64d6ca4496617be/678c1406ff3456e18f93a70f_fxFacetune_sample_outputs_4x2_grid.jpg]
[www.nft-magazine.com/covers.html]
[www.nft-magazine.com/author/gretchen-andrew.html]
[www.nft-magazine.com/nft-plus-categories/feature.html]
[www.nft-magazine.com/author/david-cash.html]
[cdn.prod.website-files.com/643015b8b64d6ca4496617be/67a793143ca2444ea9f026fa_Don Diablo YT.jpg]
[www.nft-magazine.com/author/olena-yara.html]
[www.nft-magazine.com/article/marina-abramovic-element.html]
[cdn.prod.website-files.com/643015b8b64d6ca4496617be/67e0b08e0e5925bb580b97ac_Marina3.jpg]
[www.nft-magazine.com/author/editorial-team.html]
[cdn.prod.website-files.com/643015b8b64d6ca4496617be/67d082fea960cf230bd6ba1b_Christies-Panel-Image.jpg]
[www.nft-magazine.com/article/christies-shrugs-off-ai-shade.html]
[cdn.prod.website-files.com/643015b8b64d6ca4496617be/679b45b90c24ed93a7ff370a_claudia hart_e_as thierry mugler sexy robot_2003.jpg]
[www.nft-magazine.com/article/digital-finds-from-frieze-london.html]
[cdn.prod.website-files.com/643015b8b64d6ca4496617be/671952d172a4d5b2b40cae99_OLED.jpg]
[www.nft-magazine.com/all.html]
[www.nft-magazine.com/content-categories/expanded-posts.html]
[www.nft-magazine.com/article/rebecca-kontosic.html]
[cdn.prod.website-files.com/643015b8b64d6ca4496617be/65d2775ca85e4ba8c88fca0c_rk.jpg]
[www.nft-magazine.com/author/crypto-mermaids.html]
[www.nft-magazine.com/article/generative-generative-art.html]
[cdn.prod.website-files.com/643015b8b64d6ca4496617be/65857216a6b36651c5f465b1_cvc.png]
[www.nft-magazine.com/author/benoit-baudry-martin-monperrus.html]
[cdn.prod.website-files.com/643015b8b64d6ca4496617be/65747fefdfea6f848d6c0057_dreamscapes allan.png]
[cdn.prod.website-files.com/643015b8b64d6ca4496617be/652bebafa84738fad8335c2b_7a3dfc532066aa28ba14c330dfdebb80d4bd1c164afa39fab35549c4462d2e50.jpg]
[www.nft-magazine.com/article/etiene.html]
[www.nft-magazine.com/article/mae-eniosta.html]
[cdn.prod.website-files.com/643015b8b64d6ca4496617be/64fc727077c086c87d0afa96_mae.png]
[www.nft-magazine.com/article/parsa-mostaghim.html]
[cdn.prod.website-files.com/643015b8b64d6ca4496617be/64f85ccf36ef16b725c6fb65_Parso Thumbnail.png]
[www.nft-magazine.com/article/jaen.html]
[cdn.prod.website-files.com/643015b8b64d6ca4496617be/64fe004e65ba18cc5dac228b_jaen-thumbnail.jpg]
[www.nft-magazine.com/article/paloma-rincon.html]
[cdn.prod.website-files.com/643015b8b64d6ca4496617be/646e05634d42c963ba5400c2_Screenshot 2023-05-24 at 13.38.44.png]
[www.nft-magazine.com/article/ruye.html]
[cdn.prod.website-files.com/643015b8b64d6ca4496617be/646e353cd1aafe1495c8b3fb_ruye Screenshot 2023-05-24 at 17.01.png]
[www.nft-magazine.com/features/exploring-the-metaverse-with-miguel.html]
[cdn.prod.website-files.com/643015b8b64d6ca4496617be/67a797970a64f26569fdba38_Miguel YT.jpg]
[www.nft-magazine.com/features/generative-art-the-what-and-the-how.html]
[cdn.prod.website-files.com/643015b8b64d6ca4496617be/6699003820c31a5547762de7_Harto-Cover.jpg]
[www.nft-magazine.com/features/gender-gap-in-digital-art-and-web3.html]
[cdn.prod.website-files.com/643015b8b64d6cbc556617b5/64306311de87931a67e28354_png-clipart-computer-icons-white-instagram-icon-text-logo.png]
[cdn.prod.website-files.com/643015b8b64d6cbc556617b5/64306401c2094e146aa97c78_2111708.png]
[cdn.prod.website-files.com/643015b8b64d6cbc556617b5/643063872b72bb186b04aa80_733635.png]
[cdn.prod.website-files.com/643015b8b64d6cbc556617b5/643063c7b03b8442a1c3c60f_email.png]
[www.nft-magazine.com/sign-up.html]
[www.nft-magazine.com/contact.html]
[www.nft-magazine.com/terms-conditions.html]
[www.nft-magazine.com/privacy-policy.html]
[d3e54v103j8qbb.cloudfront.net/js/jquery-3.5.1.min.dc5e7f18c8a550.js]
[cdn.prod.website-files.com/643015b8b64d6cbc556617b5/js/webflow.schunk.c015eaa16afd078a.js]
[cdn.prod.website-files.com/643015b8b64d6cbc556617b5/js/webflow.schunk.d05ac5f9e01912fa.js]
[cdn.prod.website-files.com/643015b8b64d6cbc556617b5/js/webflow.schunk.87dc4e0fa18d5ce9.js]
[www.nft-magazine.com/index.html]
[cdn.prod.website-files.com/643015b8b64d6cbc556617b5/js/webflow.0d7acc5f.78801cdc390a3758.js]
[cdn.prod.website-files.com/643015b8b64d6cbc556617b5/646d395355cd2ce9f3830242_whatsapp logo.png]
[cdn.prod.website-files.com/643015b8b64d6cbc556617b5/646d3e1c1dc2eda01af6309a_msg.png]
[cdn.prod.website-files.com/643015b8b64d6cbc556617b5/65466e839793300b3f637789_image_6483441.jpg]
[cdn.prod.website-files.com/643015b8b64d6cbc556617b5/64c67371d320f8a1410a6d59_NFT_HL.jpg]
[cdn.prod.website-files.com/643015b8b64d6cbc556617b5/css/nft-magazine.webflow.8b5c79792.css]
[cdn.prod.website-files.com/643015b8b64d6ca4496617be/670db69774515df9f8526ee1_Image 1.jpg]
[www.nft-magazine.com/features/where-technology-meets-digital-art-present-and-future-outlook.html]
[cdn.prod.website-files.com/643015b8b64d6ca4496617be/666c6a88e39806c18e5f4530_unnamed1.jpg]
[www.nft-magazine.com/features/human-technology-correlation-in-ca-chous-nfts.html]
[cdn.prod.website-files.com/643015b8b64d6ca4496617be/65c691b35118bc98a33af9f1_CA CHOU.png]
[www.nft-magazine.com/features/the-isolation-of-architecture.html]
[cdn.prod.website-files.com/643015b8b64d6ca4496617be/654f54a1376f1bfc248169ce_a new day.jpg]
[www.nft-magazine.com/features/what-is-contemporary-african-art-to-nfts.html]
[cdn.prod.website-files.com/643015b8b64d6ca4496617be/64d544e75f90478e640fb0c1_thumbnail.png]
[www.nft-magazine.com/features.html]
[cdn.prod.website-files.com/643015b8b64d6cbc556617b5/js/webflow.5f25ae0d.f39d79ef6572d4a5.js]
[cdn.prod.website-files.com/643015b8b64d6ca4496617be/669b9622628276b68d917df4_Mikino-Cover.jpg]
[www.nft-magazine.com/article/matter-data-at-art-basel.html]
[cdn.prod.website-files.com/643015b8b64d6ca4496617be/669b9328b5dd3fb12a0f0f31_Matter.jpg]
[www.nft-magazine.com/article/space-float-record-label.html]
[cdn.prod.website-files.com/643015b8b64d6ca4496617be/669b90bbbfd5d5eafbbae56f_space-float.jpg]
[cdn.prod.website-files.com/643015b8b64d6ca4496617be/669b97515c666a12067e7bc9_Techno.jpg]
[www.nft-magazine.com/article/sound-machines.html]
[www.nft-magazine.com/article/dimensional.html]
[cdn.prod.website-files.com/643015b8b64d6ca4496617be/669b994cdf3fdd3eba5e9af0_Sound-machines.jpg]
[www.nft-magazine.com/article/hookz-the-artist.html]
[cdn.prod.website-files.com/643015b8b64d6ca4496617be/65d11939d5859fd032265954_intent.png]
[www.nft-magazine.com/article/dreamflowmind-revelations-of-dreams.html]
[cdn.prod.website-files.com/643015b8b64d6ca4496617be/669b9d4079f070f89cde8b22_Dream.jpg]
[www.nft-magazine.com/article/human-technology-correlation-in-ca-chous-nfts.html]
[cdn.prod.website-files.com/643015b8b64d6ca4496617be/65c27f05502be8b01353161d_this3.jpg]
[www.nft-magazine.com/content-categories/drops.html]
[www.nft-magazine.com/newsletter.html]
[www.nft-magazine.com/content-categories/drops3fc5.html]
[cdn.prod.website-files.com/643015b8b64d6cbc556617b5/67a76de4f6375f56a106c59f_CAF-collage.jpg]
[cdn.prod.website-files.com/643015b8b64d6cbc556617b5/6463cbb42dcce8c2337eff5b_kisspng-forbes-logo-marketing-business-company-magazine-5aceb3267e5c01.8968743715234957185176.png]
[cdn.prod.website-files.com/643015b8b64d6cbc556617b5/6463cf4a76bccb0f37899dd2_HYPEBEAST-Logo_(2022).png]
[cdn.prod.website-files.com/643015b8b64d6cbc556617b5/6463cee72fceb67c063cf88f_kunstforum.png]
[cdn.prod.website-files.com/643015b8b64d6cbc556617b5/6463cbb3585fdecc67d954fa_noah_becker_whitehot_magazine_of_contemporary_art.jpg]
[cdn.prod.website-files.com/643015b8b64d6cbc556617b5/64651c4256e006468e120e91_Lamborghini-Logo copywdw.png]
[cdn.prod.website-files.com/643015b8b64d6cbc556617b5/64651c42c1ed7024d4192a8a_ah_asprey_01.jpg]
[cdn.prod.website-files.com/643015b8b64d6cbc556617b5/64651c42ed02e68c9d4ea98d_FY3Gpl7WIAEoFE0.jpg]
[cdn.prod.website-files.com/643015b8b64d6cbc556617b5/646526ab31e75cac456ac53a_image_processing20200510-9883-lhiawb.jpg]
[cdn.prod.website-files.com/643015b8b64d6cbc556617b5/64651c422ee74a1d44e1d857_PACE-LOGO-610x243.png]
[www.nft-magazine.com/about.html]
[www.nft-magazine.com/article/electric-dreams.html]
[cdn.prod.website-files.com/643015b8b64d6ca4496617be/67e350e97d5563bad01398f6_ed-cov.jpg]
[www.nft-magazine.com/content-categories/irl.html]
[www.nft-magazine.com/article/lpb-25-the-ultimate-multi-modal-ai-acceleration-event.html]
[cdn.prod.website-files.com/643015b8b64d6ca4496617be/67d8781736c976b6b1031eaa_lp1.jpg]
[www.nft-magazine.com/article/yin-and-yang-by-stephy-fung.html]
[cdn.prod.website-files.com/643015b8b64d6ca4496617be/67bbaf97781f135c7f0a33e6_fung-th.jpg]
[www.nft-magazine.com/article/botto-algorithmic-evolution-and-the-dawn-of-the-autonomous-ai-artist.html]
[cdn.prod.website-files.com/643015b8b64d6ca4496617be/67af32fcd4420580c9f83033_Screenshot 2025-02-14 at 13.10.21.png]
[www.nft-magazine.com/article/cure3-2025-art-world-unites-again-to-fight-parkinsons.html]
[cdn.prod.website-files.com/643015b8b64d6ca4496617be/679b48c5469668b19c109c9b_Untitled 3.png]
[www.nft-magazine.com/article/london-hosts-an-evening-of-digital-art.html]
[cdn.prod.website-files.com/643015b8b64d6ca4496617be/66eef9325f62b95039466fae_An evening of art.png]
[www.nft-magazine.com/article/art-web3-beyond-the-hype.html]
[cdn.prod.website-files.com/643015b8b64d6ca4496617be/652ee9ba535f1f2a3d9344b6_IMG_7044.jpg]
[www.nft-magazine.com/article/opening-event-william-mapan-intimacy.html]
[cdn.prod.website-files.com/643015b8b64d6ca4496617be/6511c98a9be9acf7bf0958c5_Mapan.png]
[www.nft-magazine.com/article/anamorphic-generations-by-maxim-zhestkov-and-zien.html]
[cdn.prod.website-files.com/643015b8b64d6ca4496617be/64aeea13a94a364451fb5f1a_604cdcb5-cad2-4c71-b1fd-e057bee9c4bd-promotional_header_image-Header.png]
[www.nft-magazine.com/article/n-12.html]
[cdn.prod.website-files.com/643015b8b64d6ca4496617be/64a9a32f16cb0e9838c1e8e8_f2dcc347-c567-41d8-b200-083098a212a8-promotional_header_image-N-12-LEAD.png]
[www.nft-magazine.com/article/web3-tales.html]
[cdn.prod.website-files.com/643015b8b64d6ca4496617be/646d4481a9551844319da9b6_646d01b161c50e56304e6764_Screen Shot 2023-05-23 at 7.10.36 PM.png]
[www.nft-magazine.com/article/nft-art-day-zurich.html]
[cdn.prod.website-files.com/643015b8b64d6ca4496617be/646e5f32c9cc262907841138_thumbnail_nft_art_day_zrh_banner_820x312.jpg]
[www.nft-magazine.com/irl.html]
[www.nft-magazine.com/submit-an-upcoming-event.html]
[www.nft-magazine.com/submit-an-upcoming-event.html]
[www.nft-magazine.com/work-with-us.html]
[www.nft-magazine.com/submit-an-upcoming-event.html]
[cdn.prod.website-files.com/643015b8b64d6cbc556617b5/65210e6ce4ff46e394e955fd_IMG_3914.jpg]
[www.nft-magazine.com/covers.html]
[www.nft-magazine.com/crypto-art-fair-tickets.html]
[cdn.prod.website-files.com/643015b8b64d6cbc556617b5/646e7c22e7c7773b56fecde0_01cafScreenshot 2023-05-24 at 22.01.png]
[cdn.prod.website-files.com/643015b8b64d6cbc556617b5/646e7c212209ecf71071305b_01cafScreenshot 2023-05-24 at 22.02.png]
[cdn.prod.website-files.com/643015b8b64d6cbc556617b5/6464d044c769a11b45933b3b_lgyhJLxA.jpg]
[cdn.prod.website-files.com/643015b8b64d6cbc556617b5/646e7c22af96a41ac546c803_01cafScreenshot 2023-05-24 at 22.00.png]
[cdn.prod.website-files.com/643015b8b64d6cbc556617b5/6464ca861e20d0167e8123db_5Km1SvHw.jpg]
[cdn.prod.website-files.com/643015b8b64d6cbc556617b5/6464d091fba4d60b2bedde6e_vyOKi0og.jpg]
[cdn.prod.website-files.com/643015b8b64d6cbc556617b5/64352f1f4e9223798ef5efae_Credit-to-the-Edit-Cover-Image2.jpg]
[cdn.prod.website-files.com/643015b8b64d6cbc556617b5/6464d14efba4d60b2beed96e_XOQdA46w.jpg]
[www.nft-magazine.com/caf.html]
[cdn.prod.website-files.com/643015b8b64d6ca4496617be/646cfcb9b16306cf5d06dbf8_gretchen-andrew_1_1.gif]
[cdn.prod.website-files.com/643015b8b64d6ca4496617be/678d69ba5ec190519e0eda8f_Screenshot 2025-01-19 at 21.07.58.png]
[player.vimeo.com/api/player.js]
[cdn.prod.website-files.com/643015b8b64d6ca4496617be/678c1bb3bcaf2988e8ec9324_678c174011b02b9fd5477ffa_678c14f561f9da169aa64dcb_Untitled.png]
[cdn.prod.website-files.com/643015b8b64d6ca4496617be/678c1bb2bcaf2988e8ec92bd_678c174011b02b9fd5477fec_678c1406ff3456e18f93a70f_fxFacetune_sample_outputs_4x2_grid.jpg]
[cdn.prod.website-files.com/643015b8b64d6ca4496617be/678c1bb2bcaf2988e8ec92c1_678c174011b02b9fd5477ff5_678c15bf2f7f2211f167eb4f_Untitled%25202.png]
[cdn.prod.website-files.com/643015b8b64d6ca4496617be/678c1bb2bcaf2988e8ec92c6_678c15663b67419e0a835488_AD_4nXebAa9odOMDOg-EbPnRCVSkXYMqO2ieFBPKwFT0gjXBlChRzUg8sfhX_Zp_6CIwGme-snKavFC5eQ22iRUoba]
[www.nft-magazine.com/features/what-really-is-the-intersection-of-ai-and-generative-art.html]
[www.nft-magazine.com/article/nfts-must-go.html]
[www.nft-magazine.com/article/a-new-day-by-polyone.html]
[cdn.prod.website-files.com/643015b8b64d6ca4496617be/649966c18938c8e110222c96_Ash-Thorp.png]
[www.nft-magazine.com/author/gretchen-andrew.html]
[www.nft-magazine.com/nft-plus-categories/feature.html]
[www.nft-magazine.com/nft-plus-categories/featurefabd.html]
[cdn.prod.website-files.com/643015b8b64d6ca4496617be/67a79a31638cc64a5534d304_PHOTO-2021-05-04-12-28-57.jpg]
[www.nft-magazine.com/author/david-cash.html]
[cdn.prod.website-files.com/643015b8b64d6ca4496617be/66578d3e07fbad45e2068c71_Olena 2.jpg]
[www.nft-magazine.com/author/olena-yara.html]
[cdn.prod.website-files.com/643015b8b64d6ca4496617be/671958f9266b3b9cab4e8761_nft-mag-logo.jpg]
[cdn.prod.website-files.com/643015b8b64d6ca4496617be/67e0b088686c0fa648620227_Marina1.jpg]
[www.nft-magazine.com/article/marina-abramovic-element.html]
[www.nft-magazine.com/author/editorial-team.html]
[cdn.prod.website-files.com/643015b8b64d6ca4496617be/67d07d79f8853618c81ad6fb_Screenshot 2025-03-11 at 00.54.13.png]
[cdn.prod.website-files.com/643015b8b64d6ca4496617be/67d07d918e6e40057ea13646_Screenshot 2025-03-11 at 17.38.27.png]
[cdn.prod.website-files.com/643015b8b64d6ca4496617be/67d07d9af8853618c81afebb_Screenshot 2025-03-11 at 17.38.35.png]
[cdn.prod.website-files.com/643015b8b64d6ca4496617be/67d07e113f6e1a7dbab3ed04_Screenshot 2025-03-11 at 17.44.27.png]
[www.nft-magazine.com/article/christies-shrugs-off-ai-shade.html]
[cdn.prod.website-files.com/643015b8b64d6ca4496617be/67195630b0195722079e3a4f_671951f259ded889ab57298e_IMG_7569.jpg]
[cdn.prod.website-files.com/643015b8b64d6ca4496617be/67195630b0195722079e3a23_671951d859ded889ab571187_Lek-1.jpg]
[cdn.prod.website-files.com/643015b8b64d6ca4496617be/67195630b0195722079e3a9d_671951ff20f0ba65536ca867_IMG_7561.jpg]
[cdn.prod.website-files.com/643015b8b64d6ca4496617be/6719562fb0195722079e394f_671955fabbdd11be84eb074c_IMG_7475.jpg]
[cdn.prod.website-files.com/643015b8b64d6ca4496617be/67195630b0195722079e3a18_67195319f241e5c79ad92b1c_FR.jpg]
[cdn.prod.website-files.com/643015b8b64d6ca4496617be/67195630b0195722079e3a52_67195323db8dbb1f532934e1_IMG_7726-2.jpg]
[www.nft-magazine.com/article/digital-finds-from-frieze-london.html]
[www.nft-magazine.com/allda09.html]
[www.nft-magazine.com/all.html]
[www.nft-magazine.com/allad94.html]
[www.nft-magazine.com/article/madmaraca.html]
[cdn.prod.website-files.com/643015b8b64d6ca4496617be/646e371cf171e5d5d776320c_Screenshot 2023-05-24 at 17.07.46.png]
[cdn.prod.website-files.com/643015b8b64d6ca4496617be/646e3dd2d5ddab8041071505_cachScreenshot 2023-05-24 at 17.37.png]
[cdn.prod.website-files.com/643015b8b64d6ca4496617be/646e41b264e7b1b85f21eac4_aefScreenshot 2023-05-24 at 17.55.png]
[www.nft-magazine.com/article/aeforia.html]
[cdn.prod.website-files.com/643015b8b64d6ca4496617be/646e4a7454fee4d24e7a94d8_psJakub-Sobka_Bootloader.gif]
[www.nft-magazine.com/article/guandanarian.html]
[cdn.prod.website-files.com/643015b8b64d6ca4496617be/646e4c8f6f94e1ebc60a1946_Screenshot 2023-05-24 at 18.42.16.png]
[www.nft-magazine.com/article/amir-zand.html]
[www.nft-magazine.com/article/lethabo-huma.html]
[cdn.prod.website-files.com/643015b8b64d6ca4496617be/646e4dfbf39f0bff03aad145_Screenshot 2023-05-24 at 18.48.19.png]
[www.nft-magazine.com/content-categories/expanded-posts.html]
[www.nft-magazine.com/content-categories/expanded-posts3fc5.html]
[cdn.prod.website-files.com/643015b8b64d6ca4496617be/646d05bd5162b1fb7f7fd03c_crypto-mermaid.png]
[cdn.prod.website-files.com/643015b8b64d6ca4496617be/65d2852eedd67c7cd720cd9a_sl4.jpg]
[cdn.prod.website-files.com/643015b8b64d6ca4496617be/65a132bd2111b9e19e0a60e7_rebeccafinal 2.jpg]
[www.nft-magazine.com/article/rebecca-kontosic.html]
[www.nft-magazine.com/article/life-of-hel.html]
[cdn.prod.website-files.com/643015b8b64d6ca4496617be/657706b629ea8ed150ba449f_RJKXP8mg.jpg]
[www.nft-magazine.com/article/portraits-of-women-in-web3.html]
[cdn.prod.website-files.com/643015b8b64d6ca4496617be/669baa3620964b1d2b4dab3f_PWW3.jpg]
[www.nft-magazine.com/article/joelle-mctigue.html]
[cdn.prod.website-files.com/643015b8b64d6ca4496617be/656dada70c85fd054fd778e7_joelle 2.jpg]
[www.nft-magazine.com/article/dreamscapes-by-allan-berger.html]
[cdn.prod.website-files.com/643015b8b64d6ca4496617be/65760cbd5bdafb13ba16a82c_hero-image-006.png]
[www.nft-magazine.com/article/laurence-de-valmy.html]
[cdn.prod.website-files.com/643015b8b64d6ca4496617be/6564ec9c4780c02d2cc9b0c8_DeValmy.png]
[cdn.prod.website-files.com/643015b8b64d6ca4496617be/6558f13eceb72f12e758cb93_Wispr-ope-call.jpg]
[cdn.prod.website-files.com/643015b8b64d6ca4496617be/6558f0807c9a1ab153f9c4bd_Wispr.jpg]
[www.nft-magazine.com/article/graph.html]
[cdn.prod.website-files.com/643015b8b64d6ca4496617be/6554dc728608d66996302641_1697837586.jpg]
[www.nft-magazine.com/article/kubikino-by-carolina-melis.html]
[cdn.prod.website-files.com/643015b8b64d6ca4496617be/654e0fa34fa26d5439d4d801_Kubikino_face_02.png]
[www.nft-magazine.com/article/the-machine-dreams.html]
[cdn.prod.website-files.com/643015b8b64d6ca4496617be/6547c6e727297392e9058c6a_afad8297-3342-475c-bcd7-8ad497fbb09b-promotional_header_image-machine_dreams.png]
[www.nft-magazine.com/article/darius-bakaarts.html]
[cdn.prod.website-files.com/643015b8b64d6ca4496617be/6521ba493be6edab63f87614_54a5746c-6e6d-41b9-a290-e84fa6b53436-nft_magazine_image_file-The_Golden_Steps_3mb.jpg]
[cdn.prod.website-files.com/643015b8b64d6ca4496617be/651c1d3c74076832a8c10e3a_b48e9842-eaf7-4c13-8950-1106dfe09ef3-image_video_file__2-Where-It-All-Began_SUPERFINAL.jpg]
[www.nft-magazine.com/article/artifacts.html]
[cdn.prod.website-files.com/643015b8b64d6ca4496617be/652550b839cf934d6e1b5d74_Artifacts-cover-2-2.jpg]
[cdn.prod.website-files.com/643015b8b64d6ca4496617be/6525523a67346b69288a73f8_mint-me.jpg]
[www.nft-magazine.com/article/jaen-2.html]
[cdn.prod.website-files.com/643015b8b64d6ca4496617be/64fb25c38fbc02123f911656_012ba2f6-4032-4697-a917-b45ece82b900-author_image-punkvsartist-copie2.jpg]
[www.nft-magazine.com/article/feral-files-upcoming-show-with-the-blind-gallery-vistas-edition.html]
[cdn.prod.website-files.com/643015b8b64d6ca4496617be/64f4a28a1ccc42f9675048ff_Feral File Vistas Edition Mystery Artist #1.png]
[www.nft-magazine.com/article/yue-minjun.html]
[cdn.prod.website-files.com/643015b8b64d6ca4496617be/64d38a60e2592a392a8f50f2_lotus.jpg]
[cdn.prod.website-files.com/643015b8b64d6ca4496617be/64ce5c147789389dc770b06f_4428edbc-017d-4db1-97eb-4ec50091c862-author_image-Digital-Portrait.jpg]
[www.nft-magazine.com/article/shavonne-wong.html]
[cdn.prod.website-files.com/643015b8b64d6ca4496617be/64cd4fc3f9f12be444ab435e_1f6fd17c-c6a4-4093-b82e-f7d39f130458-nft_magazine_image_file-Everything-Yet-Nothing.jpg]
[cdn.prod.website-files.com/643015b8b64d6ca4496617be/64caa1e77398b0d7187b2407_photo+by+Michelle+Yue.jpg]
[cdn.prod.website-files.com/643015b8b64d6ca4496617be/64ae4b052913149f923f707c_unnamed.gif]
[www.nft-magazine.com/article/nature-in-the-digital-age.html]
[www.nft-magazine.com/article/leyla-fakhr.html]
[cdn.prod.website-files.com/643015b8b64d6ca4496617be/649829bbe32cdf663c5f452e_thumbnail.jpg]
[cdn.prod.website-files.com/643015b8b64d6ca4496617be/64876066d4f981bacece9ac0_feral file.png]
[www.nft-magazine.com/article/katarina-feder.html]
[cdn.prod.website-files.com/643015b8b64d6ca4496617be/6475e3c07df5050e2e3f2a4e_hero3.jpg]
[www.nft-magazine.com/article/kaloh.html]
[cdn.prod.website-files.com/643015b8b64d6ca4496617be/646e42cb383f1597f223a521_Kaloh 1.jpg]
[www.nft-magazine.com/article/lynn-rosenberger.html]
[cdn.prod.website-files.com/643015b8b64d6ca4496617be/646dfe3d406fe8f1aa0f56a7_Lynn 2.jpg]
[www.nft-magazine.com/article/jasmine-iykyk.html]
[cdn.prod.website-files.com/643015b8b64d6ca4496617be/646e1a0757dc9c48b5f3167c_Screenshot 2023-05-24 at 15.06.34.png]
[www.nft-magazine.com/article/vexx.html]
[cdn.prod.website-files.com/643015b8b64d6ca4496617be/646e1e65cf58fdca2a3fbfac_Screenshot 2023-05-24 at 15.24.48.png]
[www.nft-magazine.com/article/migrating-lines.html]
[cdn.prod.website-files.com/643015b8b64d6ca4496617be/646e273c5618cb80038643e9_Screenshot 2023-05-24 at 16.03.13.png]
[www.nft-magazine.com/article/maalavida.html]
[cdn.prod.website-files.com/643015b8b64d6ca4496617be/646e2bbcf475db0bdb034642_Maalavida 3.jpg]
[www.nft-magazine.com/article/ardhira-putra.html]
[cdn.prod.website-files.com/643015b8b64d6ca4496617be/646f3d1a0f5fb9b01ac6c729_646e586d3a42c618e09d3172_Screenshot 2023-05-24 at 19.32.50.png]
[www.nft-magazine.com/article/kidmograph.html]
[cdn.prod.website-files.com/643015b8b64d6ca4496617be/646e5a80ec3a101e9b9488ad_Screenshot 2023-05-24 at 19.41.45.png]
[www.nft-magazine.com/article/marco-mori.html]
[cdn.prod.website-files.com/643015b8b64d6ca4496617be/646e5c20c103215cfdb906b7_Screenshot 2023-05-24 at 19.48.32.png]
[www.nft-magazine.com/article/andreas-gysin-sidi-vanetti-materialized.html]
[cdn.prod.website-files.com/643015b8b64d6ca4496617be/646d44eb1dc2eda01afddaf3_646d10161382daf884c5fc9a_nft-magazine.gif]
[www.nft-magazine.com/author/crypto-mermaids.html]
[cdn.prod.website-files.com/643015b8b64d6ca4496617be/646e7a7d87953731c8d84145_Screenshot 2023-05-24 at 21.18.31.png]
[www.nft-magazine.com/article/generative-generative-art.html]
[www.nft-magazine.com/author/benoit-baudry-martin-monperrus.html]
[www.nft-magazine.com/article/etiene.html]
[cdn.prod.website-files.com/643015b8b64d6ca4496617be/6585726fe0561b6983510e91_YzIfwmSHzlCYvLyDhXHyuDK-DRmFh9RqxbvsCwWuQbOU5pcvufDlpRYVP2GYOc7qlo46zvzLYEnlt3wk4TfByL2vj5_msy0XI2M1TOfC1w3c1-Psut9]
[cdn.prod.website-files.com/643015b8b64d6ca4496617be/64fc71a740eb7d7ddf7a56d9_IMG_1A993E4893DC-1.jpg]
[www.nft-magazine.com/article/mae-eniosta.html]
[www.nft-magazine.com/article/parsa-mostaghim.html]
[cdn.prod.website-files.com/643015b8b64d6ca4496617be/64f63c875512be7a3928d462_Jaen Expanded Post.png]
[www.nft-magazine.com/article/jaen.html]
[cdn.prod.website-files.com/643015b8b64d6ca4496617be/6470ab662bb3cf81eedde04d_Paloma 1.png]
[cdn.prod.website-files.com/643015b8b64d6ca4496617be/6470a69455379a10a00524a7_Paloma 5.png]
[cdn.prod.website-files.com/643015b8b64d6ca4496617be/6470a6d32bb3cf81eeda41ad_Paloma 2.png]
[cdn.prod.website-files.com/643015b8b64d6ca4496617be/6470a6bdd5227bcec7959db3_Paloma 3.png]
[cdn.prod.website-files.com/643015b8b64d6ca4496617be/6470a6ab041bb767ea0718e6_Paloma 4.png]
[www.nft-magazine.com/article/paloma-rincon.html]
[www.nft-magazine.com/article/ruye.html]
[www.nft-magazine.com/features/exploring-the-metaverse-with-miguel.html]
[cdn.prod.website-files.com/643015b8b64d6ca4496617be/66990040083b30a1e3fc14b0_Harto.jpg]
[cdn.prod.website-files.com/643015b8b64d6ca4496617be/66990ac332c8f04dd745758f_ARTFORUM Letter.jpg]
[cdn.prod.website-files.com/643015b8b64d6ca4496617be/6698f8e4d12ddee10d587a5f_Harold-Cohen.jpg]
[cdn.prod.website-files.com/643015b8b64d6ca4496617be/6698f9a3bea70789a2e5c0bb_Vera.jpg]
[cdn.prod.website-files.com/643015b8b64d6ca4496617be/6698fd3ece23426cafe8561a_DeusX.jpg]
[platform.twitter.com/widgets.js]
[cdn.prod.website-files.com/643015b8b64d6ca4496617be/669905e0d8258ac40518dc95_Medusa-2.jpg]
[www.nft-magazine.com/features/generative-art-the-what-and-the-how.html]
[cdn.prod.website-files.com/643015b8b64d6ca4496617be/66d490e17ccddf466173b3bb_66d48d883c10bbd360788457_unnamed.jpg]
[cdn.prod.website-files.com/643015b8b64d6ca4496617be/66d490e17ccddf466173b3cf_66d48e68e73000e1185a581d_places_to_visit_2_medium%400.3x.png]
[www.nft-magazine.com/features/gender-gap-in-digital-art-and-web3.html]
[www.nft-magazine.com/log-in.html]
[www.nft-magazine.com/sign-up.html]
[cdn.prod.website-files.com/643015b8b64d6cbc556617b5/js/webflow.f14c25ce.2f542430b0624743.js]
[cdn.prod.website-files.com/643015b8b64d6cbc556617b5/67a7fbf8287ffdb114c3c0e1_Trs.jpg]
[www.nft-magazine.com/contact.html]
[www.nft-magazine.com/terms-conditions.html]
[www.nft-magazine.com/privacy-policy.html]
[cdn.prod.website-files.com/643015b8b64d6ca4496617be/666c6af8d3be5e7349cff112_unnamed3.jpg]
[www.nft-magazine.com/features/where-technology-meets-digital-art-present-and-future-outlook.html]
[cdn.prod.website-files.com/643015b8b64d6ca4496617be/65c283db1678f81037b1fd30_12.jpg]
[cdn.prod.website-files.com/643015b8b64d6ca4496617be/65c281fc457e7dbecb5d7398_a5effb4c-7f8f-471a-a3fb-7fe57b6bc07d.png]
[www.nft-magazine.com/features/human-technology-correlation-in-ca-chous-nfts.html]
[cdn.prod.website-files.com/643015b8b64d6ca4496617be/676b259f1cbd1edb6e3dd574_654fa9863ddf1915f50b75c0_article2.png]
[www.nft-magazine.com/features/the-isolation-of-architecture.html]
[cdn.prod.website-files.com/643015b8b64d6ca4496617be/65211fc191a3da9ba8390f1f_Screenshot2023-09-07at11.14.55.png]
[www.nft-magazine.com/features/what-is-contemporary-african-art-to-nfts.html]
[cdn.prod.website-files.com/643015b8b64d6ca4496617be/654fa281194e5ad931e622c5_iif4fkrgew5G8J9xC_pJWfdVNehEKdiiNTlQRh01Np_jmsIDGa9msAftbcNZEeQNqSWolr7f2LptxxdWtn2jNGP0xgFAEK7eVDQW5QctT4Lnz1BAfrN]
[cdn.prod.website-files.com/643015b8b64d6ca4496617be/6521200ea9776edacdb1dcf1_hqGwi-csIJOk1ivBSPC-O7I5k0HXn9mdDwmY360N94BqWQcjFT9MFTd2vz3h_C4UQg2rpkGfLA_7pBUbOBT1JT7AMm2NFmtzvlktUBnetV-AmiUgKQx]
[cdn.prod.website-files.com/643015b8b64d6ca4496617be/6660936a88843d2d9574735d_matteer.jpg]
[www.nft-magazine.com/article/matter-data-at-art-basel.html]
[www.nft-magazine.com/article/space-float-record-label.html]
[cdn.prod.website-files.com/643015b8b64d6ca4496617be/669b9755bfd5d5eafbbf17a6_Techno-Main.jpg]
[www.nft-magazine.com/article/dimensional.html]
[cdn.prod.website-files.com/643015b8b64d6ca4496617be/65e0b4b4ab31d8838acae609_PlayfromMemory5-Thumbnail.png]
[www.nft-magazine.com/article/sound-machines.html]
[www.nft-magazine.com/article/hookz-the-artist.html]
[www.nft-magazine.com/article/dreamflowmind-revelations-of-dreams.html]
[cdn.prod.website-files.com/643015b8b64d6ca4496617be/65c27fde8c5e6bbbdc373342_12.jpg]
[www.nft-magazine.com/article/human-technology-correlation-in-ca-chous-nfts.html]
[www.nft-magazine.com/content-categories/drops3fc5.html]
[www.nft-magazine.com/content-categories/dropse7ac.html]
[www.nft-magazine.com/content-categories/dropsb873.html]
[cdn.prod.website-files.com/643015b8b64d6ca4496617be/67e34f0067fdacf09aef2d12_ED-1.jpg]
[cdn.prod.website-files.com/643015b8b64d6ca4496617be/67e34f19f48121d321e4f8fb_ed8-2.jpg]
[cdn.prod.website-files.com/643015b8b64d6ca4496617be/67e34f2986a764d0f9beae2c_ed5.jpg]
[cdn.prod.website-files.com/643015b8b64d6ca4496617be/67e34f36f48121d321e55cae_ed3.jpg]
[cdn.prod.website-files.com/643015b8b64d6ca4496617be/67e34f496b904d3dc462efaa_ed4.jpg]
[www.nft-magazine.com/article/electric-dreams.html]
[www.nft-magazine.com/content-categories/irl.html]
[cdn.prod.website-files.com/643015b8b64d6ca4496617be/67d8782de8aeb3669114730f_4bff1b1d-5033-4343-80a7-8358929857ce 2.jpg]
[www.nft-magazine.com/article/lpb-25-the-ultimate-multi-modal-ai-acceleration-event.html]
[cdn.prod.website-files.com/643015b8b64d6ca4496617be/67bbae43de89e03317b456e5_snapinsta.jpg]
[cdn.prod.website-files.com/643015b8b64d6ca4496617be/67bbb27c61636e40e333615f_sf1.jpg]
[cdn.prod.website-files.com/643015b8b64d6ca4496617be/67bbb25e6910573850573437_sf3.jpg]
[cdn.prod.website-files.com/643015b8b64d6ca4496617be/67bbb26a9caf2388d2d6f694_sf2.jpg]
[www.nft-magazine.com/article/yin-and-yang-by-stephy-fung.html]
[cdn.prod.website-files.com/643015b8b64d6ca4496617be/67af34270d1c23c8ddbc7a2c_Screenshot 2025-02-14 at 13.09.33.png]
[cdn.prod.website-files.com/643015b8b64d6ca4496617be/67af33f84b9cf62358b28f93_Screenshot 2025-02-14 at 13.10.12.png]
[cdn.prod.website-files.com/643015b8b64d6ca4496617be/67af340caff56757fb91c39b_Screenshot 2025-02-14 at 13.10.33.png]
[cdn.prod.website-files.com/643015b8b64d6ca4496617be/67af3419f54bc0cdb2865986_Screenshot 2025-02-14 at 13.09.56.png]
[www.nft-magazine.com/article/botto-algorithmic-evolution-and-the-dawn-of-the-autonomous-ai-artist.html]
[cdn.prod.website-files.com/643015b8b64d6ca4496617be/679d093695ae12e6110ec929_cure2.gif]
[www.nft-magazine.com/article/cure3-2025-art-world-unites-again-to-fight-parkinsons.html]
[cdn.prod.website-files.com/643015b8b64d6ca4496617be/66eefb4b6286397f2a7c54d5_tril 1.jpg]
[www.nft-magazine.com/article/london-hosts-an-evening-of-digital-art.html]
[cdn.prod.website-files.com/643015b8b64d6ca4496617be/652ee9abf7ddee23c60b7241_IMG_7046.jpg]
[www.nft-magazine.com/article/art-web3-beyond-the-hype.html]
[cdn.prod.website-files.com/643015b8b64d6ca4496617be/6511cb83dca42f91a53c260e_Mapan 2.png]
[www.nft-magazine.com/article/opening-event-william-mapan-intimacy.html]
[www.nft-magazine.com/article/anamorphic-generations-by-maxim-zhestkov-and-zien.html]
[www.nft-magazine.com/article/n-12.html]
[cdn.prod.website-files.com/643015b8b64d6ca4496617be/646e79e5b45f049ac82eb74d_11Screenshot 2023-05-24 at 21.54.png]
[www.nft-magazine.com/article/web3-tales.html]
[cdn.prod.website-files.com/643015b8b64d6ca4496617be/646deee97fbf9b8751a62c06_12NFT ART DAY ZRH_LANDSCAPE.gif]
[www.nft-magazine.com/article/nft-art-day-zurich.html]
[cdn.prod.website-files.com/643015b8b64d6cbc556617b5/67a6c03bb6d09f7f091c07cd_yue.jpg]
[www.nft-magazine.com/submit-an-upcoming-event.html]
[www.nft-magazine.com/submit-an-upcoming-event.html]
[www.nft-magazine.com/submit-an-upcoming-event.html]
[www.nft-magazine.com/checkout.html]
[cdn.prod.website-files.com/643015b8b64d6cbc556617b5/js/webflow.schunk.68816ef7c5455391.js]
[cdn.prod.website-files.com/643015b8b64d6cbc556617b5/js/webflow.schunk.07692d2b3e386b91.js]
[www.nft-magazine.com/crypto-art-fair-tickets.html]
[cdn.prod.website-files.com/643015b8b64d6cbc556617b5/js/webflow.4d795cc9.071c337e4e5f7314.js]
[www.nft-magazine.com/features/fb-messenger_/share/indexba2f.html]
[www.nft-magazine.com/article/nfts-must-go.html]
[cdn.prod.website-files.com/643015b8b64d6ca4496617be/654f5721ff5066b6a3d353e4_poly one news.png]
[www.nft-magazine.com/article/a-new-day-by-polyone.html]
[www.nft-magazine.com/features/calypso-newman.html]
[cdn.prod.website-files.com/643015b8b64d6ca4496617be/6527057387843e8be498d917_Data is the new pigment.jpg]
[cdn.prod.website-files.com/643015b8b64d6ca4496617be/6687cce752640995105f5193_NFTARTDAYGIF.gif]
[www.nft-magazine.com/features/la-artist-spotlight-exploring-digital-identity-with-carrie-chen.html]
[cdn.prod.website-files.com/643015b8b64d6ca4496617be/646de963898b1ed1acf194ab_Screenshot 2023-05-24 at 11.39.15.png]
[www.nft-magazine.com/features/confluence-of-generative-ai-and-generative-art-in-emergent-dichotomy-perpetual-motion.html]
[cdn.prod.website-files.com/643015b8b64d6ca4496617be/646d4d9780dab2a392427eee_Emergent Dicht.png]
[www.nft-magazine.com/features/2-d-or-not-to-be-the-demands-of-digital-sculpture-jasper-spires.html]
[cdn.prod.website-files.com/643015b8b64d6ca4496617be/646d026a50a186a2f349cf2c_Screenshot 2023-05-23 at 19.12.49.png]
[www.nft-magazine.com/features/crypto-mermaids.html]
[cdn.prod.website-files.com/643015b8b64d6ca4496617be/646d476de8549b786f9900fc_646d0b80f9dvdvdb5f5aada1d7a3_mermaid-gif_1.gif]
[www.nft-magazine.com/nft-plus-categories/feature835e.html]
[www.nft-magazine.com/nft-plus-categories/featurefabd.html]
[www.nft-magazine.com/article/fb-messenger_/share/indexba2f.html]
[www.nft-magazine.com/alld2a9.html]
[www.nft-magazine.com/allfe4b.html]
[www.nft-magazine.com/allda09.html]
[www.nft-magazine.com/all1e07.html]
[www.nft-magazine.com/all0bb1.html]
[www.nft-magazine.com/allad94.html]
[www.nft-magazine.com/article/madmaraca.html]
[www.nft-magazine.com/alle1d2.html]
[cdn.prod.website-files.com/643015b8b64d6ca4496617be/6470a15926e5e315465d3f0a_aeforia CAF.png]
[www.nft-magazine.com/article/aeforia.html]
[cdn.prod.website-files.com/643015b8b64d6ca4496617be/6470a25da1ed9ddfeb654041_guandanarian 4.png]
[cdn.prod.website-files.com/643015b8b64d6ca4496617be/6470a48d2e1b6978242492ae_guandanarian 3.png]
[cdn.prod.website-files.com/643015b8b64d6ca4496617be/6470a474eb26aa9e17e3df14_guandanarian 2.png]
[cdn.prod.website-files.com/643015b8b64d6ca4496617be/6470a43dd221531d22d09707_guandanarian 1.png]
[cdn.prod.website-files.com/643015b8b64d6ca4496617be/6470a38d937a5e96def64ecb_guandanarian 5.png]
[www.nft-magazine.com/article/guandanarian.html]
[cdn.prod.website-files.com/643015b8b64d6ca4496617be/6470a1a56f065a8bf19f932d_Amir Zand 1.png]
[www.nft-magazine.com/article/amir-zand.html]
[cdn.prod.website-files.com/643015b8b64d6ca4496617be/6470a2b92718a7b0dd2d3d45_Lethabo 4.png]
[cdn.prod.website-files.com/643015b8b64d6ca4496617be/6470a4e3de20455aa66d00c6_Lethabo 2.png]
[cdn.prod.website-files.com/643015b8b64d6ca4496617be/6470a4d02bb3cf81eed8dfdb_Lethabo 3.png]
[cdn.prod.website-files.com/643015b8b64d6ca4496617be/6470a525dc557cbd3f865059_Lethabo 1.png]
[www.nft-magazine.com/article/lethabo-huma.html]
[cdn.prod.website-files.com/643015b8b64d6ca4496617be/65270c8c5aed548cd96a76e7_What happens in this column cropped.jpg]
[www.nft-magazine.com/content-categories/expanded-posts3fc5.html]
[www.nft-magazine.com/content-categories/expanded-postsb873.html]
[cdn.prod.website-files.com/643015b8b64d6ca4496617be/657706c312ca77e494a38d60_ldrur37w.jpg]
[cdn.prod.website-files.com/643015b8b64d6ca4496617be/65770b10e0379bf9074e0e18_ZnnrLKIh.jpg]
[www.nft-magazine.com/article/life-of-hel.html]
[cdn.prod.website-files.com/643015b8b64d6ca4496617be/669baa3ab5dd3fb12a1e4739_pww3-Main.jpg]
[www.nft-magazine.com/article/portraits-of-women-in-web3.html]
[cdn.prod.website-files.com/643015b8b64d6ca4496617be/656dadaef7f29001405e9976_joelle 1.jpg]
[cdn.prod.website-files.com/643015b8b64d6ca4496617be/656db0ad87dc7d55f1fb6b97_joelle 4.png]
[cdn.prod.website-files.com/643015b8b64d6ca4496617be/656db1796d8294b4702c9c24_joelle 5.jpg]
[www.nft-magazine.com/article/joelle-mctigue.html]
[cdn.prod.website-files.com/643015b8b64d6ca4496617be/656b9bbe17ef846ad242a0a5_CHARGED-02-preview-images-800-1200.png]
[cdn.prod.website-files.com/643015b8b64d6ca4496617be/6576fdc054cec882a6c87648_BLOOM.png]
[cdn.prod.website-files.com/643015b8b64d6ca4496617be/6576fdda0c18d3769a35fcba_EMISSION-drop-cover-004.png]
[cdn.prod.website-files.com/643015b8b64d6ca4496617be/6576fdeb7e49ac00453fc3a0_CHARGED-preview-images-800-1200.png]
[www.nft-magazine.com/article/dreamscapes-by-allan-berger.html]
[cdn.prod.website-files.com/643015b8b64d6ca4496617be/6564f1170225cdfaa98ce7a2_pic.jpg]
[www.nft-magazine.com/article/laurence-de-valmy.html]
[www.nft-magazine.com/article/graph.html]
[cdn.prod.website-files.com/643015b8b64d6ca4496617be/654e0f735c71d906a2f46779_Art Blocks _poster_Çalışma Yüzeyi 1 copia 5.png]
[www.nft-magazine.com/article/kubikino-by-carolina-melis.html]
[www.nft-magazine.com/article/the-machine-dreams.html]
[cdn.prod.website-files.com/643015b8b64d6ca4496617be/6522d9cbe11cc8a45fddde8a_The_Golden_Steps_3mb.jpg]
[cdn.prod.website-files.com/643015b8b64d6ca4496617be/6522dd33d25b990a2c1dd820_Screenshot 2023-10-08 at 17.46.59.png]
[cdn.prod.website-files.com/643015b8b64d6ca4496617be/6522db30f8028276244b5c54_Screenshot 2023-10-08 at 17.38.43.png]
[www.nft-magazine.com/article/darius-bakaarts.html]
[cdn.prod.website-files.com/643015b8b64d6ca4496617be/65166c3438dd614bbd0b7361_Screenshot 2023-09-29 at 08.03.33.png]
[www.nft-magazine.com/article/artifacts.html]
[www.nft-magazine.com/article/jaen-2.html]
[cdn.prod.website-files.com/643015b8b64d6ca4496617be/64f4a3a258bf07130b209547_Feral File Vistas Edition Mystery Artist #5 .png]
[cdn.prod.website-files.com/643015b8b64d6ca4496617be/64fb6314a9e5372cf9b9746c_VIstas 1.png]
[cdn.prod.website-files.com/643015b8b64d6ca4496617be/64fb633ca9e5372cf9b99002_Vistas 2.png]
[www.nft-magazine.com/article/feral-files-upcoming-show-with-the-blind-gallery-vistas-edition.html]
[cdn.prod.website-files.com/643015b8b64d6ca4496617be/64d38a4e32bb4ddf076f906e_dolphin.jpg]
[cdn.prod.website-files.com/643015b8b64d6ca4496617be/64d38de0d852cecb70dec5da_horns.jpg]
[www.nft-magazine.com/article/yue-minjun.html]
[cdn.prod.website-files.com/643015b8b64d6ca4496617be/64cd4ad496f5855091bf960d_1f6fd17c-c6a4-4093-b82e-f7d39f130458-author_image-photobio.jpg]
[www.nft-magazine.com/article/shavonne-wong.html]
[cdn.prod.website-files.com/643015b8b64d6ca4496617be/64caa1e77398b0d7187b2407_photo+by+Michelle+Yue.jpg]
[cdn.prod.website-files.com/643015b8b64d6ca4496617be/64ae8f53af21c799deb85c43_gallery.png]
[www.nft-magazine.com/article/nature-in-the-digital-age.html]
[cdn.prod.website-files.com/643015b8b64d6ca4496617be/64ae4dfe0c67e408b5c9e3fd_4dL6pfs_jJUYbmYPLZfen1Kit1NFy56StA9ygewaUEsuU-AJZrj0xOnjSyUCHSdZsT0XCS_T7WMyFbYc-8rNeCFWcHRhKxazPLt45KjzdCE3lTGjojG]
[cdn.prod.website-files.com/643015b8b64d6ca4496617be/64ae4dfe35b7c45b36c7c95d_v5TyUofQugkKtVcPDm7VZoyqLjvwnpLGqI7PzNnD7RcDCOUJH1lCXbLnZVoAjE_EiO7TtGMfaNwMPxjkGsE8dtwY80PatIci6qSH9utf2ZTzu-88FZ9]
[cdn.prod.website-files.com/643015b8b64d6ca4496617be/64983a0058d0e80e184beb80_f8f330b2-4854-4afb-ae40-2fd16ba3c9ef-nft_magazine_image_file-64_Pixels_loop_3.gif]
[www.nft-magazine.com/article/leyla-fakhr.html]
[cdn.prod.website-files.com/643015b8b64d6ca4496617be/6475e577c59d6bd3bc7d212a_Anna Lucia 1.jpg]
[www.nft-magazine.com/article/katarina-feder.html]
[cdn.prod.website-files.com/643015b8b64d6ca4496617be/646dfb97406fe8f1aa0cd3f8_Kaloh 3.jpg]
[www.nft-magazine.com/article/kaloh.html]
[cdn.prod.website-files.com/643015b8b64d6ca4496617be/646e00b9718bb857558209bb_Lynn 3.jpg]
[cdn.prod.website-files.com/643015b8b64d6ca4496617be/646e00db44335b770e88e4d2_Lynn 1.jpg]
[www.nft-magazine.com/article/lynn-rosenberger.html]
[cdn.prod.website-files.com/643015b8b64d6ca4496617be/646e1b1a2631f9b87e264f5b_Jasmine 1.jpg]
[www.nft-magazine.com/article/jasmine-iykyk.html]
[cdn.prod.website-files.com/643015b8b64d6ca4496617be/646e201265058fe89637e157_Screenshot 2023-05-24 at 15.25.12.png]
[www.nft-magazine.com/article/vexx.html]
[cdn.prod.website-files.com/643015b8b64d6ca4496617be/646e26ac6391f9ddb255cdfc_MigratingLines1.jpg]
[www.nft-magazine.com/article/migrating-lines.html]
[cdn.prod.website-files.com/643015b8b64d6ca4496617be/646e2bcbeeeccc9b32bfa125_Maalavida portrait.jpg]
[cdn.prod.website-files.com/643015b8b64d6ca4496617be/646e2c6864ede23609706037_Screenshot 2023-05-24 at 16.13.58.png]
[www.nft-magazine.com/article/maalavida.html]
[www.nft-magazine.com/article/ardhira-putra.html]
[www.nft-magazine.com/article/kidmograph.html]
[www.nft-magazine.com/article/marco-mori.html]
[www.nft-magazine.com/article/andreas-gysin-sidi-vanetti-materialized.html]
[www.nft-magazine.com/log-in.html]
[www.nft-magazine.com/_https_/cdn.prod.website-files.com/643015b8b64d6cbc556617b5/64f1d2e2f675358d75b0de11_antoni tudisco cover-poster-00001.html]
[www.nft-magazine.com/reset-password.html]
[www.nft-magazine.com/content-categories/dropsb873.html]
[www.nft-magazine.com/content-categories/dropse7ac.html]
[www.nft-magazine.com/interviews.html]
[www.nft-magazine.com/checkout.html]
[cdn.prod.website-files.com/643015b8b64d6cbc556617b5/js/webflow.4f2cd23f.2c6f0d9366110a61.js]
[www.nft-magazine.com/author/calypso-newman.html]
[cdn.prod.website-files.com/643015b8b64d6ca4496617be/64a5b7a5f81f888a4105a072_Calypso Newman.png]
[cdn.prod.website-files.com/643015b8b64d6ca4496617be/64a5b8e46e7ed14d13c20128_cf3ef68d-097a-42c2-a2aa-582bc0bd3e23-nft_magazine_image_file-Universal-Everything.jpg]
[www.nft-magazine.com/features/calypso-newman.html]
[cdn.prod.website-files.com/643015b8b64d6ca4496617be/646de3b463dae48be1aa31be_Screenshot 2023-05-24 at 11.14.53.png]
[cdn.prod.website-files.com/643015b8b64d6ca4496617be/646e84090281b54b8ecb3e1a_Screenshot 2023-05-24 at 11.39.15.png]
[www.nft-magazine.com/features/la-artist-spotlight-exploring-digital-identity-with-carrie-chen.html]
[cdn.prod.website-files.com/643015b8b64d6ca4496617be/646e84a28cda90d1129e1d90_1mthumbnail_Screen Shot 2023-05-24 at 7.20.09 PM.png]
[www.nft-magazine.com/features/confluence-of-generative-ai-and-generative-art-in-emergent-dichotomy-perpetual-motion.html]
[www.nft-magazine.com/author/jasper-spires.html]
[cdn.prod.website-files.com/643015b8b64d6ca4496617be/646e87112dc1b336e3e039dc_001 madma646d026a50a186a2f349cf2c_Screenshot 2023-05-23 at 19.12.49.png]
[www.nft-magazine.com/features/2-d-or-not-to-be-the-demands-of-digital-sculpture-jasper-spires.html]
[cdn.prod.website-files.com/643015b8b64d6ca4496617be/646e84d5dba5caf36e663b54_00mermaid646d476de8549b786f9900fc_646d0b80f9dvdvdb5f5aada1d7a3_mermaid-gif_1.gif]
[cdn.prod.website-files.com/643015b8b64d6ca4496617be/646d07011d71910fc7224ae3_7187e50d.png]
[cdn.prod.website-files.com/643015b8b64d6ca4496617be/646d06c71706c7240a22b283_923c078e.png]
[cdn.prod.website-files.com/643015b8b64d6ca4496617be/646d06c7527c75094d3d3a6f_f24d5652.png]
[cdn.prod.website-files.com/643015b8b64d6ca4496617be/646d06c72025dce8d3d9aff4_24add8e9.png]
[cdn.prod.website-files.com/643015b8b64d6ca4496617be/646d06c7664319008da89733_5199e8a5.png]
[www.nft-magazine.com/features/crypto-mermaids.html]
[www.nft-magazine.com/nft-plus-categories/feature835e.html]
[www.nft-magazine.com/features/don-diablo-nightclubs-and-nfts.html]
[www.nft-magazine.com/features/can-love-lift-your-art-practice.html]
[www.nft-magazine.com/article/the-second-guess-body-anxiety-in-the-age-of-ai.html]
[www.nft-magazine.com/alld2a9.html]
[www.nft-magazine.com/allfe4b.html]
[www.nft-magazine.com/all4e94.html]
[www.nft-magazine.com/all1e07.html]
[www.nft-magazine.com/all0bb1.html]
[www.nft-magazine.com/all1a76.html]
[www.nft-magazine.com/alle1d2.html]
[www.nft-magazine.com/allc543.html]
[www.nft-magazine.com/content-categories/expanded-postsb873.html]
[www.nft-magazine.com/content-categories/interviews.html]
[www.nft-magazine.com/article/allan-berger.html]
[www.nft-magazine.com/reset-password.html]
[www.nft-magazine.com/features/web3-week-and-frieze-london-is-it-really-that-bad.html]
[www.nft-magazine.com/features/femmebits-in-medias-res-on-feral-file.html]
[www.nft-magazine.com/features5d6d.html]
[www.nft-magazine.com/article/im-mikino-nice-to-meet-you.html]
[www.nft-magazine.com/submit-an-upcoming-event.html]
[www.nft-magazine.com/_https_/cdn.prod.website-files.com/643015b8b64d6cbc556617b5/64f1d3aba9500669ffafaf1b_antoni tudisco cover (1.html]
[www.nft-magazine.com/_https_/cdn.prod.website-files.com/643015b8b64d6cbc556617b5/649b21bf92111ca08b7a5a8c_small with music-poster-00001.html]
[www.nft-magazine.com/article/ash-thorp-nfts.html]
[www.nft-magazine.com/author/calypso-newman.html]
[www.nft-magazine.com/author/jasper-spires.html]
[www.nft-magazine.com/all4e94.html]
[www.nft-magazine.com/all1a76.html]
[www.nft-magazine.com/all851b.html]
[www.nft-magazine.com/allc543.html]
[www.nft-magazine.com/article/what-happens-on-instagram-stays-on-this-column.html]
[www.nft-magazine.com/article/chien-an-chou.html]
[www.nft-magazine.com/article/open-call-wisper.html]
[www.nft-magazine.com/article/mud-foundation-ignites-miami-art-week-with-tech-art-fusion.html]
[www.nft-magazine.com/article/nygilia.html]
[www.nft-magazine.com/article/mint-me-im-an-artist.html]
[www.nft-magazine.com/article/marigoldff-giusy-amoroso.html]
[www.nft-magazine.com/article/kingdom-of-the-laughing-man.html]
[www.nft-magazine.com/article/ellie-pritts-in-the-screen-i-am-everything.html]
[www.nft-magazine.com/article/in-visible.html]
[www.nft-magazine.com/article/slow-food-kenny-schachter-the-nftgallery.html]
[www.nft-magazine.com/_https_/cdn.prod.website-files.com/643015b8b64d6cbc556617b5/64303e07eb2e9151980faa36_main-poster-00001.html]
[www.nft-magazine.com/features/fb-messenger_/shareba2f.html]
[www.nft-magazine.com/features/nft-art-day-zrh-interview-with-co-founder-curator-and-art-advisor-georg-bak.html]
[www.nft-magazine.com/article/fb-messenger_/shareba2f.html]
[www.nft-magazine.com/allf233.html]
[www.nft-magazine.com/all2c22.html]
[www.nft-magazine.com/all851b.html]
[www.nft-magazine.com/all5548.html]
[www.nft-magazine.com/allf233.html]
[www.nft-magazine.com/all77c1.html]
[www.nft-magazine.com/all2c22.html]
[www.nft-magazine.com/author/imogen-hare.html]
[www.nft-magazine.com/all3416.html]
[www.nft-magazine.com/all8851.html]
[www.nft-magazine.com/all5636.html]
[www.nft-magazine.com/all5548.html]
[www.nft-magazine.com/all3c85.html]
[www.nft-magazine.com/all47a1.html]
[www.nft-magazine.com/all77c1.html]
[www.nft-magazine.com/all9a6b.html]
[www.nft-magazine.com/all3c85.html]
[www.nft-magazine.com/alle759.html]
[www.nft-magazine.com/all47a1.html]
[www.nft-magazine.com/all2d34.html]
[www.nft-magazine.com/alle511.html]
[www.nft-magazine.com/all9a6b.html]
[www.nft-magazine.com/all2d34.html]
[www.nft-magazine.com/all18b8.html]
[www.nft-magazine.com/all2fd1.html]
[www.nft-magazine.com/all7f15.html]
[www.nft-magazine.com/all1c39.html]
[www.nft-magazine.com/alle511.html]
[www.nft-magazine.com/all2fd1.html]
[www.nft-magazine.com/all7f15.html]
[www.nft-magazine.com/allb635.html]
[www.nft-magazine.com/all0bc4.html]
[www.nft-magazine.com/all1c39.html]
[www.nft-magazine.com/all9e8b.html]
[www.nft-magazine.com/alld009.html]
[www.nft-magazine.com/alldea5.html]
[www.nft-magazine.com/alld057.html]
[www.nft-magazine.com/all0bc4.html]
[www.nft-magazine.com/all4cd6.html]
[www.nft-magazine.com/allb635.html]
[www.nft-magazine.com/allf09a.html]
[www.nft-magazine.com/all9e8b.html]
[www.nft-magazine.com/all9e9e.html]
[www.nft-magazine.com/alldea5.html]
[www.nft-magazine.com/alld057.html]
[www.nft-magazine.com/all4cd6.html]
[www.nft-magazine.com/all19d0.html]
[www.nft-magazine.com/allf09a.html]
[www.nft-magazine.com/all2fba.html]
[www.nft-magazine.com/all9e9e.html]
[www.nft-magazine.com/allf00d.html]
[www.nft-magazine.com/allb999.html]
[www.nft-magazine.com/all21fc.html]
[www.nft-magazine.com/all8198.html]
[www.nft-magazine.com/all19d0.html]
[www.nft-magazine.com/all5f1e.html]
[www.nft-magazine.com/all2fba.html]
[www.nft-magazine.com/allacaf.html]
[www.nft-magazine.com/all5f1e.html]
[www.nft-magazine.com/allacaf.html]
[www.nft-magazine.com/all8893.html]
[www.nft-magazine.com/all8188.html]
[www.nft-magazine.com/all620b.html]
[www.nft-magazine.com/allc36f.html]
[www.nft-magazine.com/all6ab1.html]
[www.nft-magazine.com/all6ab1.html]
[www.nft-magazine.com/all574d.html]
[www.nft-magazine.com/all6fb3.html]
[www.nft-magazine.com/all6315.html]
[www.nft-magazine.com/all6315.html]
[www.nft-magazine.com/all05b0.html]
[www.nft-magazine.com/alld91e.html]
[www.nft-magazine.com/all2cc9.html]
